// Jest Snapshot v1, https://goo.gl/fbAQLP

exports[`end-to-end integration prints help message when --help given 1`] = `
"Usage: -h <file>

Options:
      --help    Show help                                              [boolean]
  -i, --input   File name                                               [string]
  -c, --config  Configuration file                                      [string]
  -v            version                                                [boolean]"
`;

exports[`end-to-end integration prints version message when --version given 1`] = `"qck-ssg v0.1.2"`;

exports[`end-to-end integration single valid json configuration file should generate an html 1`] = `"-- Link to Page Created In Index File"`;

exports[`end-to-end integration single valid text file input should generate an html 1`] = `"-- Link to Page Created In Index File"`;

exports[`end-to-end integration single valid text file input should generate an html 2`] = `"-- Link to Page Created In Index File"`;
